// Jest Snapshot v1, https://goo.gl/fbAQLP

exports[`COMMON TESTS should render with default options 1`] = `
<View
  style={
    Object {
      "width": "100%",
    }
  }
  testID="calendar"
>
  <View
    accessibilityRole="header"
    style={
      Array [
        Object {
          "marginBottom": 5,
        },
        undefined,
      ]
    }
  >
    <View
      style={
        Object {
          "alignItems": "center",
          "flexDirection": "row",
          "justifyContent": "space-between",
          "padding": 5,
        }
      }
    >
      <View
        accessibilityLabel="Prev"
        accessibilityRole="button"
        accessibilityState={
          Object {
            "busy": undefined,
            "checked": undefined,
            "disabled": false,
            "expanded": undefined,
            "selected": undefined,
          }
        }
        accessibilityValue={
          Object {
            "max": undefined,
            "min": undefined,
            "now": undefined,
            "text": undefined,
          }
        }
        accessible={true}
        collapsable={false}
        focusable={true}
        onBlur={[Function]}
        onClick={[Function]}
        onFocus={[Function]}
        onResponderGrant={[Function]}
        onResponderMove={[Function]}
        onResponderRelease={[Function]}
        onResponderTerminate={[Function]}
        onResponderTerminationRequest={[Function]}
        onStartShouldSetResponder={[Function]}
        testID="btn-prev"
      >
        <View
          style={
            Array [
              Object {
                "padding": 4,
              },
              Object {
                "marginRight": 3,
              },
              undefined,
            ]
          }
        >
          <Image
            source={
              Object {
                "testUri": "../../../src/assets/images/arrow_left.png",
              }
            }
            style={
              Object {
                "height": 18,
                "tintColor": undefined,
                "width": 18,
              }
            }
          />
        </View>
      </View>
      <View
        style={
          Object {
            "alignItems": "center",
            "flexDirection": "row",
          }
        }
      >
        <View
          accessibilityLabel="March"
          accessibilityRole="button"
          accessibilityState={
            Object {
              "busy": undefined,
              "checked": undefined,
              "disabled": undefined,
              "expanded": undefined,
              "selected": undefined,
            }
          }
          accessibilityValue={
            Object {
              "max": undefined,
              "min": undefined,
              "now": undefined,
              "text": undefined,
            }
          }
          accessible={true}
          collapsable={false}
          focusable={true}
          onBlur={[Function]}
          onClick={[Function]}
          onFocus={[Function]}
          onResponderGrant={[Function]}
          onResponderMove={[Function]}
          onResponderRelease={[Function]}
          onResponderTerminate={[Function]}
          onResponderTerminationRequest={[Function]}
          onStartShouldSetResponder={[Function]}
          testID="btn-month"
        >
          <View
            style={
              Array [
                Object {
                  "borderRadius": 5,
                  "marginHorizontal": 1,
                  "paddingHorizontal": 5,
                  "paddingVertical": 5,
                },
                undefined,
              ]
            }
          >
            <Text
              style={
                Array [
                  Object {
                    "fontSize": 15,
                    "fontWeight": "bold",
                  },
                  undefined,
                ]
              }
            >
              March
            </Text>
          </View>
        </View>
        <View
          accessibilityLabel="2024"
          accessibilityRole="button"
          accessibilityState={
            Object {
              "busy": undefined,
              "checked": undefined,
              "disabled": undefined,
              "expanded": undefined,
              "selected": undefined,
            }
          }
          accessibilityValue={
            Object {
              "max": undefined,
              "min": undefined,
              "now": undefined,
              "text": undefined,
            }
          }
          accessible={true}
          collapsable={false}
          focusable={true}
          onBlur={[Function]}
          onClick={[Function]}
          onFocus={[Function]}
          onResponderGrant={[Function]}
          onResponderMove={[Function]}
          onResponderRelease={[Function]}
          onResponderTerminate={[Function]}
          onResponderTerminationRequest={[Function]}
          onStartShouldSetResponder={[Function]}
          testID="btn-year"
        >
          <View
            style={
              Array [
                Object {
                  "borderRadius": 5,
                  "marginHorizontal": 1,
                  "paddingHorizontal": 5,
                  "paddingVertical": 5,
                },
                undefined,
              ]
            }
          >
            <Text
              style={
                Array [
                  Object {
                    "fontSize": 15,
                    "fontWeight": "bold",
                  },
                  undefined,
                ]
              }
            >
              2024
            </Text>
          </View>
        </View>
      </View>
      <View
        accessibilityLabel="Next"
        accessibilityRole="button"
        accessibilityState={
          Object {
            "busy": undefined,
            "checked": undefined,
            "disabled": false,
            "expanded": undefined,
            "selected": undefined,
          }
        }
        accessibilityValue={
          Object {
            "max": undefined,
            "min": undefined,
            "now": undefined,
            "text": undefined,
          }
        }
        accessible={true}
        collapsable={false}
        focusable={true}
        onBlur={[Function]}
        onClick={[Function]}
        onFocus={[Function]}
        onResponderGrant={[Function]}
        onResponderMove={[Function]}
        onResponderRelease={[Function]}
        onResponderTerminate={[Function]}
        onResponderTerminationRequest={[Function]}
        onStartShouldSetResponder={[Function]}
        testID="btn-next"
      >
        <View
          style={
            Array [
              Object {
                "padding": 4,
              },
              Object {
                "marginLeft": 3,
              },
              undefined,
            ]
          }
        >
          <Image
            source={
              Object {
                "testUri": "../../../src/assets/images/arrow_right.png",
              }
            }
            style={
              Object {
                "height": 18,
                "tintColor": undefined,
                "width": 18,
              }
            }
          />
        </View>
      </View>
    </View>
  </View>
  <View
    style={
      Object {
        "alignItems": "center",
        "height": 300,
      }
    }
  >
    <View
      style={
        Object {
          "flex": 1,
          "paddingTop": 5,
          "width": "100%",
        }
      }
      testID="day-selector"
    >
      <View
        style={
          Array [
            Object {
              "alignItems": "center",
              "borderBottomWidth": 1,
              "borderColor": "#E5E5E5",
              "flexDirection": "row",
              "marginBottom": 10,
              "paddingBottom": 10,
              "paddingTop": 5,
              "width": "100%",
            },
            undefined,
          ]
        }
        testID="week-days"
      >
        <View
          style={
            Object {
              "alignItems": "center",
              "justifyContent": "center",
              "width": "14.2%",
            }
          }
        >
          <Text>
            Su
          </Text>
        </View>
        <View
          style={
            Object {
              "alignItems": "center",
              "justifyContent": "center",
              "width": "14.2%",
            }
          }
        >
          <Text>
            Mo
          </Text>
        </View>
        <View
          style={
            Object {
              "alignItems": "center",
              "justifyContent": "center",
              "width": "14.2%",
            }
          }
        >
          <Text>
            Tu
          </Text>
        </View>
        <View
          style={
            Object {
              "alignItems": "center",
              "justifyContent": "center",
              "width": "14.2%",
            }
          }
        >
          <Text>
            We
          </Text>
        </View>
        <View
          style={
            Object {
              "alignItems": "center",
              "justifyContent": "center",
              "width": "14.2%",
            }
          }
        >
          <Text>
            Th
          </Text>
        </View>
        <View
          style={
            Object {
              "alignItems": "center",
              "justifyContent": "center",
              "width": "14.2%",
            }
          }
        >
          <Text>
            Fr
          </Text>
        </View>
        <View
          style={
            Object {
              "alignItems": "center",
              "justifyContent": "center",
              "width": "14.2%",
            }
          }
        >
          <Text>
            Sa
          </Text>
        </View>
      </View>
      <View
        style={
          Object {
            "alignContent": "flex-start",
            "flex": 1,
            "flexDirection": "row",
            "flexWrap": "wrap",
            "height": "100%",
            "width": "100%",
          }
        }
        testID="days"
      >
        <View
          style={
            Object {
              "height": 42.857142857142854,
              "position": "relative",
              "width": "14.2%",
            }
          }
        />
        <View
          style={
            Object {
              "height": 42.857142857142854,
              "position": "relative",
              "width": "14.2%",
            }
          }
        />
        <View
          style={
            Object {
              "height": 42.857142857142854,
              "position": "relative",
              "width": "14.2%",
            }
          }
        />
        <View
          style={
            Object {
              "height": 42.857142857142854,
              "position": "relative",
              "width": "14.2%",
            }
          }
        />
        <View
          style={
            Object {
              "height": 42.857142857142854,
              "position": "relative",
              "width": "14.2%",
            }
          }
        />
        <View
          style={
            Object {
              "height": 42.857142857142854,
              "position": "relative",
              "width": "14.2%",
            }
          }
        >
          <View
            accessibilityLabel="1"
            accessibilityRole="button"
            accessibilityState={
              Object {
                "busy": undefined,
                "checked": undefined,
                "disabled": false,
                "expanded": undefined,
                "selected": undefined,
              }
            }
            accessibilityValue={
              Object {
                "max": undefined,
                "min": undefined,
                "now": undefined,
                "text": undefined,
              }
            }
            accessible={true}
            collapsable={false}
            focusable={true}
            onBlur={[Function]}
            onClick={[Function]}
            onFocus={[Function]}
            onResponderGrant={[Function]}
            onResponderMove={[Function]}
            onResponderRelease={[Function]}
            onResponderTerminate={[Function]}
            onResponderTerminationRequest={[Function]}
            onStartShouldSetResponder={[Function]}
            style={
              Array [
                Object {
                  "alignItems": "center",
                  "borderRadius": 100,
                  "flex": 1,
                  "justifyContent": "center",
                  "margin": 1.5,
                },
                undefined,
                null,
                null,
                false,
              ]
            }
            testID="2024-03-01"
          >
            <View
              style={
                Array [
                  Object {
                    "alignItems": "center",
                    "justifyContent": "center",
                  },
                ]
              }
            >
              <Text
                style={
                  Array [
                    undefined,
                  ]
                }
              >
                1
              </Text>
            </View>
          </View>
        </View>
        <View
          style={
            Object {
              "height": 42.857142857142854,
              "position": "relative",
              "width": "14.2%",
            }
          }
        >
          <View
            accessibilityLabel="2"
            accessibilityRole="button"
            accessibilityState={
              Object {
                "busy": undefined,
                "checked": undefined,
                "disabled": false,
                "expanded": undefined,
                "selected": undefined,
              }
            }
            accessibilityValue={
              Object {
                "max": undefined,
                "min": undefined,
                "now": undefined,
                "text": undefined,
              }
            }
            accessible={true}
            collapsable={false}
            focusable={true}
            onBlur={[Function]}
            onClick={[Function]}
            onFocus={[Function]}
            onResponderGrant={[Function]}
            onResponderMove={[Function]}
            onResponderRelease={[Function]}
            onResponderTerminate={[Function]}
            onResponderTerminationRequest={[Function]}
            onStartShouldSetResponder={[Function]}
            style={
              Array [
                Object {
                  "alignItems": "center",
                  "borderRadius": 100,
                  "flex": 1,
                  "justifyContent": "center",
                  "margin": 1.5,
                },
                undefined,
                null,
                null,
                false,
              ]
            }
            testID="2024-03-02"
          >
            <View
              style={
                Array [
                  Object {
                    "alignItems": "center",
                    "justifyContent": "center",
                  },
                ]
              }
            >
              <Text
                style={
                  Array [
                    undefined,
                  ]
                }
              >
                2
              </Text>
            </View>
          </View>
        </View>
        <View
          style={
            Object {
              "height": 42.857142857142854,
              "position": "relative",
              "width": "14.2%",
            }
          }
        >
          <View
            accessibilityLabel="3"
            accessibilityRole="button"
            accessibilityState={
              Object {
                "busy": undefined,
                "checked": undefined,
                "disabled": false,
                "expanded": undefined,
                "selected": undefined,
              }
            }
            accessibilityValue={
              Object {
                "max": undefined,
                "min": undefined,
                "now": undefined,
                "text": undefined,
              }
            }
            accessible={true}
            collapsable={false}
            focusable={true}
            onBlur={[Function]}
            onClick={[Function]}
            onFocus={[Function]}
            onResponderGrant={[Function]}
            onResponderMove={[Function]}
            onResponderRelease={[Function]}
            onResponderTerminate={[Function]}
            onResponderTerminationRequest={[Function]}
            onStartShouldSetResponder={[Function]}
            style={
              Array [
                Object {
                  "alignItems": "center",
                  "borderRadius": 100,
                  "flex": 1,
                  "justifyContent": "center",
                  "margin": 1.5,
                },
                undefined,
                null,
                null,
                false,
              ]
            }
            testID="2024-03-03"
          >
            <View
              style={
                Array [
                  Object {
                    "alignItems": "center",
                    "justifyContent": "center",
                  },
                ]
              }
            >
              <Text
                style={
                  Array [
                    undefined,
                  ]
                }
              >
                3
              </Text>
            </View>
          </View>
        </View>
        <View
          style={
            Object {
              "height": 42.857142857142854,
              "position": "relative",
              "width": "14.2%",
            }
          }
        >
          <View
            accessibilityLabel="4"
            accessibilityRole="button"
            accessibilityState={
              Object {
                "busy": undefined,
                "checked": undefined,
                "disabled": false,
                "expanded": undefined,
                "selected": undefined,
              }
            }
            accessibilityValue={
              Object {
                "max": undefined,
                "min": undefined,
                "now": undefined,
                "text": undefined,
              }
            }
            accessible={true}
            collapsable={false}
            focusable={true}
            onBlur={[Function]}
            onClick={[Function]}
            onFocus={[Function]}
            onResponderGrant={[Function]}
            onResponderMove={[Function]}
            onResponderRelease={[Function]}
            onResponderTerminate={[Function]}
            onResponderTerminationRequest={[Function]}
            onStartShouldSetResponder={[Function]}
            style={
              Array [
                Object {
                  "alignItems": "center",
                  "borderRadius": 100,
                  "flex": 1,
                  "justifyContent": "center",
                  "margin": 1.5,
                },
                undefined,
                null,
                null,
                false,
              ]
            }
            testID="2024-03-04"
          >
            <View
              style={
                Array [
                  Object {
                    "alignItems": "center",
                    "justifyContent": "center",
                  },
                ]
              }
            >
              <Text
                style={
                  Array [
                    undefined,
                  ]
                }
              >
                4
              </Text>
            </View>
          </View>
        </View>
        <View
          style={
            Object {
              "height": 42.857142857142854,
              "position": "relative",
              "width": "14.2%",
            }
          }
        >
          <View
            accessibilityLabel="5"
            accessibilityRole="button"
            accessibilityState={
              Object {
                "busy": undefined,
                "checked": undefined,
                "disabled": false,
                "expanded": undefined,
                "selected": undefined,
              }
            }
            accessibilityValue={
              Object {
                "max": undefined,
                "min": undefined,
                "now": undefined,
                "text": undefined,
              }
            }
            accessible={true}
            collapsable={false}
            focusable={true}
            onBlur={[Function]}
            onClick={[Function]}
            onFocus={[Function]}
            onResponderGrant={[Function]}
            onResponderMove={[Function]}
            onResponderRelease={[Function]}
            onResponderTerminate={[Function]}
            onResponderTerminationRequest={[Function]}
            onStartShouldSetResponder={[Function]}
            style={
              Array [
                Object {
                  "alignItems": "center",
                  "borderRadius": 100,
                  "flex": 1,
                  "justifyContent": "center",
                  "margin": 1.5,
                },
                undefined,
                null,
                null,
                false,
              ]
            }
            testID="2024-03-05"
          >
            <View
              style={
                Array [
                  Object {
                    "alignItems": "center",
                    "justifyContent": "center",
                  },
                ]
              }
            >
              <Text
                style={
                  Array [
                    undefined,
                  ]
                }
              >
                5
              </Text>
            </View>
          </View>
        </View>
        <View
          style={
            Object {
              "height": 42.857142857142854,
              "position": "relative",
              "width": "14.2%",
            }
          }
        >
          <View
            accessibilityLabel="6"
            accessibilityRole="button"
            accessibilityState={
              Object {
                "busy": undefined,
                "checked": undefined,
                "disabled": false,
                "expanded": undefined,
                "selected": undefined,
              }
            }
            accessibilityValue={
              Object {
                "max": undefined,
                "min": undefined,
                "now": undefined,
                "text": undefined,
              }
            }
            accessible={true}
            collapsable={false}
            focusable={true}
            onBlur={[Function]}
            onClick={[Function]}
            onFocus={[Function]}
            onResponderGrant={[Function]}
            onResponderMove={[Function]}
            onResponderRelease={[Function]}
            onResponderTerminate={[Function]}
            onResponderTerminationRequest={[Function]}
            onStartShouldSetResponder={[Function]}
            style={
              Array [
                Object {
                  "alignItems": "center",
                  "borderRadius": 100,
                  "flex": 1,
                  "justifyContent": "center",
                  "margin": 1.5,
                },
                undefined,
                null,
                null,
                false,
              ]
            }
            testID="2024-03-06"
          >
            <View
              style={
                Array [
                  Object {
                    "alignItems": "center",
                    "justifyContent": "center",
                  },
                ]
              }
            >
              <Text
                style={
                  Array [
                    undefined,
                  ]
                }
              >
                6
              </Text>
            </View>
          </View>
        </View>
        <View
          style={
            Object {
              "height": 42.857142857142854,
              "position": "relative",
              "width": "14.2%",
            }
          }
        >
          <View
            accessibilityLabel="7"
            accessibilityRole="button"
            accessibilityState={
              Object {
                "busy": undefined,
                "checked": undefined,
                "disabled": false,
                "expanded": undefined,
                "selected": undefined,
              }
            }
            accessibilityValue={
              Object {
                "max": undefined,
                "min": undefined,
                "now": undefined,
                "text": undefined,
              }
            }
            accessible={true}
            collapsable={false}
            focusable={true}
            onBlur={[Function]}
            onClick={[Function]}
            onFocus={[Function]}
            onResponderGrant={[Function]}
            onResponderMove={[Function]}
            onResponderRelease={[Function]}
            onResponderTerminate={[Function]}
            onResponderTerminationRequest={[Function]}
            onStartShouldSetResponder={[Function]}
            style={
              Array [
                Object {
                  "alignItems": "center",
                  "borderRadius": 100,
                  "flex": 1,
                  "justifyContent": "center",
                  "margin": 1.5,
                },
                undefined,
                null,
                null,
                false,
              ]
            }
            testID="2024-03-07"
          >
            <View
              style={
                Array [
                  Object {
                    "alignItems": "center",
                    "justifyContent": "center",
                  },
                ]
              }
            >
              <Text
                style={
                  Array [
                    undefined,
                  ]
                }
              >
                7
              </Text>
            </View>
          </View>
        </View>
        <View
          style={
            Object {
              "height": 42.857142857142854,
              "position": "relative",
              "width": "14.2%",
            }
          }
        >
          <View
            accessibilityLabel="8"
            accessibilityRole="button"
            accessibilityState={
              Object {
                "busy": undefined,
                "checked": undefined,
                "disabled": false,
                "expanded": undefined,
                "selected": undefined,
              }
            }
            accessibilityValue={
              Object {
                "max": undefined,
                "min": undefined,
                "now": undefined,
                "text": undefined,
              }
            }
            accessible={true}
            collapsable={false}
            focusable={true}
            onBlur={[Function]}
            onClick={[Function]}
            onFocus={[Function]}
            onResponderGrant={[Function]}
            onResponderMove={[Function]}
            onResponderRelease={[Function]}
            onResponderTerminate={[Function]}
            onResponderTerminationRequest={[Function]}
            onStartShouldSetResponder={[Function]}
            style={
              Array [
                Object {
                  "alignItems": "center",
                  "borderRadius": 100,
                  "flex": 1,
                  "justifyContent": "center",
                  "margin": 1.5,
                },
                undefined,
                null,
                null,
                false,
              ]
            }
            testID="2024-03-08"
          >
            <View
              style={
                Array [
                  Object {
                    "alignItems": "center",
                    "justifyContent": "center",
                  },
                ]
              }
            >
              <Text
                style={
                  Array [
                    undefined,
                  ]
                }
              >
                8
              </Text>
            </View>
          </View>
        </View>
        <View
          style={
            Object {
              "height": 42.857142857142854,
              "position": "relative",
              "width": "14.2%",
            }
          }
        >
          <View
            accessibilityLabel="9"
            accessibilityRole="button"
            accessibilityState={
              Object {
                "busy": undefined,
                "checked": undefined,
                "disabled": false,
                "expanded": undefined,
                "selected": undefined,
              }
            }
            accessibilityValue={
              Object {
                "max": undefined,
                "min": undefined,
                "now": undefined,
                "text": undefined,
              }
            }
            accessible={true}
            collapsable={false}
            focusable={true}
            onBlur={[Function]}
            onClick={[Function]}
            onFocus={[Function]}
            onResponderGrant={[Function]}
            onResponderMove={[Function]}
            onResponderRelease={[Function]}
            onResponderTerminate={[Function]}
            onResponderTerminationRequest={[Function]}
            onStartShouldSetResponder={[Function]}
            style={
              Array [
                Object {
                  "alignItems": "center",
                  "borderRadius": 100,
                  "flex": 1,
                  "justifyContent": "center",
                  "margin": 1.5,
                },
                undefined,
                null,
                null,
                false,
              ]
            }
            testID="2024-03-09"
          >
            <View
              style={
                Array [
                  Object {
                    "alignItems": "center",
                    "justifyContent": "center",
                  },
                ]
              }
            >
              <Text
                style={
                  Array [
                    undefined,
                  ]
                }
              >
                9
              </Text>
            </View>
          </View>
        </View>
        <View
          style={
            Object {
              "height": 42.857142857142854,
              "position": "relative",
              "width": "14.2%",
            }
          }
        >
          <View
            accessibilityLabel="10"
            accessibilityRole="button"
            accessibilityState={
              Object {
                "busy": undefined,
                "checked": undefined,
                "disabled": false,
                "expanded": undefined,
                "selected": undefined,
              }
            }
            accessibilityValue={
              Object {
                "max": undefined,
                "min": undefined,
                "now": undefined,
                "text": undefined,
              }
            }
            accessible={true}
            collapsable={false}
            focusable={true}
            onBlur={[Function]}
            onClick={[Function]}
            onFocus={[Function]}
            onResponderGrant={[Function]}
            onResponderMove={[Function]}
            onResponderRelease={[Function]}
            onResponderTerminate={[Function]}
            onResponderTerminationRequest={[Function]}
            onStartShouldSetResponder={[Function]}
            style={
              Array [
                Object {
                  "alignItems": "center",
                  "borderRadius": 100,
                  "flex": 1,
                  "justifyContent": "center",
                  "margin": 1.5,
                },
                undefined,
                null,
                null,
                false,
              ]
            }
            testID="2024-03-10"
          >
            <View
              style={
                Array [
                  Object {
                    "alignItems": "center",
                    "justifyContent": "center",
                  },
                ]
              }
            >
              <Text
                style={
                  Array [
                    undefined,
                  ]
                }
              >
                10
              </Text>
            </View>
          </View>
        </View>
        <View
          style={
            Object {
              "height": 42.857142857142854,
              "position": "relative",
              "width": "14.2%",
            }
          }
        >
          <View
            accessibilityLabel="11"
            accessibilityRole="button"
            accessibilityState={
              Object {
                "busy": undefined,
                "checked": undefined,
                "disabled": false,
                "expanded": undefined,
                "selected": undefined,
              }
            }
            accessibilityValue={
              Object {
                "max": undefined,
                "min": undefined,
                "now": undefined,
                "text": undefined,
              }
            }
            accessible={true}
            collapsable={false}
            focusable={true}
            onBlur={[Function]}
            onClick={[Function]}
            onFocus={[Function]}
            onResponderGrant={[Function]}
            onResponderMove={[Function]}
            onResponderRelease={[Function]}
            onResponderTerminate={[Function]}
            onResponderTerminationRequest={[Function]}
            onStartShouldSetResponder={[Function]}
            style={
              Array [
                Object {
                  "alignItems": "center",
                  "borderRadius": 100,
                  "flex": 1,
                  "justifyContent": "center",
                  "margin": 1.5,
                },
                undefined,
                null,
                null,
                false,
              ]
            }
            testID="2024-03-11"
          >
            <View
              style={
                Array [
                  Object {
                    "alignItems": "center",
                    "justifyContent": "center",
                  },
                ]
              }
            >
              <Text
                style={
                  Array [
                    undefined,
                  ]
                }
              >
                11
              </Text>
            </View>
          </View>
        </View>
        <View
          style={
            Object {
              "height": 42.857142857142854,
              "position": "relative",
              "width": "14.2%",
            }
          }
        >
          <View
            accessibilityLabel="12"
            accessibilityRole="button"
            accessibilityState={
              Object {
                "busy": undefined,
                "checked": undefined,
                "disabled": false,
                "expanded": undefined,
                "selected": undefined,
              }
            }
            accessibilityValue={
              Object {
                "max": undefined,
                "min": undefined,
                "now": undefined,
                "text": undefined,
              }
            }
            accessible={true}
            collapsable={false}
            focusable={true}
            onBlur={[Function]}
            onClick={[Function]}
            onFocus={[Function]}
            onResponderGrant={[Function]}
            onResponderMove={[Function]}
            onResponderRelease={[Function]}
            onResponderTerminate={[Function]}
            onResponderTerminationRequest={[Function]}
            onStartShouldSetResponder={[Function]}
            style={
              Array [
                Object {
                  "alignItems": "center",
                  "borderRadius": 100,
                  "flex": 1,
                  "justifyContent": "center",
                  "margin": 1.5,
                },
                undefined,
                null,
                null,
                false,
              ]
            }
            testID="2024-03-12"
          >
            <View
              style={
                Array [
                  Object {
                    "alignItems": "center",
                    "justifyContent": "center",
                  },
                ]
              }
            >
              <Text
                style={
                  Array [
                    undefined,
                  ]
                }
              >
                12
              </Text>
            </View>
          </View>
        </View>
        <View
          style={
            Object {
              "height": 42.857142857142854,
              "position": "relative",
              "width": "14.2%",
            }
          }
        >
          <View
            accessibilityLabel="13"
            accessibilityRole="button"
            accessibilityState={
              Object {
                "busy": undefined,
                "checked": undefined,
                "disabled": false,
                "expanded": undefined,
                "selected": undefined,
              }
            }
            accessibilityValue={
              Object {
                "max": undefined,
                "min": undefined,
                "now": undefined,
                "text": undefined,
              }
            }
            accessible={true}
            collapsable={false}
            focusable={true}
            onBlur={[Function]}
            onClick={[Function]}
            onFocus={[Function]}
            onResponderGrant={[Function]}
            onResponderMove={[Function]}
            onResponderRelease={[Function]}
            onResponderTerminate={[Function]}
            onResponderTerminationRequest={[Function]}
            onStartShouldSetResponder={[Function]}
            style={
              Array [
                Object {
                  "alignItems": "center",
                  "borderRadius": 100,
                  "flex": 1,
                  "justifyContent": "center",
                  "margin": 1.5,
                },
                undefined,
                null,
                null,
                false,
              ]
            }
            testID="2024-03-13"
          >
            <View
              style={
                Array [
                  Object {
                    "alignItems": "center",
                    "justifyContent": "center",
                  },
                ]
              }
            >
              <Text
                style={
                  Array [
                    undefined,
                  ]
                }
              >
                13
              </Text>
            </View>
          </View>
        </View>
        <View
          style={
            Object {
              "height": 42.857142857142854,
              "position": "relative",
              "width": "14.2%",
            }
          }
        >
          <View
            accessibilityLabel="14"
            accessibilityRole="button"
            accessibilityState={
              Object {
                "busy": undefined,
                "checked": undefined,
                "disabled": false,
                "expanded": undefined,
                "selected": undefined,
              }
            }
            accessibilityValue={
              Object {
                "max": undefined,
                "min": undefined,
                "now": undefined,
                "text": undefined,
              }
            }
            accessible={true}
            collapsable={false}
            focusable={true}
            onBlur={[Function]}
            onClick={[Function]}
            onFocus={[Function]}
            onResponderGrant={[Function]}
            onResponderMove={[Function]}
            onResponderRelease={[Function]}
            onResponderTerminate={[Function]}
            onResponderTerminationRequest={[Function]}
            onStartShouldSetResponder={[Function]}
            style={
              Array [
                Object {
                  "alignItems": "center",
                  "borderRadius": 100,
                  "flex": 1,
                  "justifyContent": "center",
                  "margin": 1.5,
                },
                undefined,
                null,
                null,
                false,
              ]
            }
            testID="2024-03-14"
          >
            <View
              style={
                Array [
                  Object {
                    "alignItems": "center",
                    "justifyContent": "center",
                  },
                ]
              }
            >
              <Text
                style={
                  Array [
                    undefined,
                  ]
                }
              >
                14
              </Text>
            </View>
          </View>
        </View>
        <View
          style={
            Object {
              "height": 42.857142857142854,
              "position": "relative",
              "width": "14.2%",
            }
          }
        >
          <View
            accessibilityLabel="15"
            accessibilityRole="button"
            accessibilityState={
              Object {
                "busy": undefined,
                "checked": undefined,
                "disabled": false,
                "expanded": undefined,
                "selected": undefined,
              }
            }
            accessibilityValue={
              Object {
                "max": undefined,
                "min": undefined,
                "now": undefined,
                "text": undefined,
              }
            }
            accessible={true}
            collapsable={false}
            focusable={true}
            onBlur={[Function]}
            onClick={[Function]}
            onFocus={[Function]}
            onResponderGrant={[Function]}
            onResponderMove={[Function]}
            onResponderRelease={[Function]}
            onResponderTerminate={[Function]}
            onResponderTerminationRequest={[Function]}
            onStartShouldSetResponder={[Function]}
            style={
              Array [
                Object {
                  "alignItems": "center",
                  "borderRadius": 100,
                  "flex": 1,
                  "justifyContent": "center",
                  "margin": 1.5,
                },
                undefined,
                null,
                null,
                false,
              ]
            }
            testID="2024-03-15"
          >
            <View
              style={
                Array [
                  Object {
                    "alignItems": "center",
                    "justifyContent": "center",
                  },
                ]
              }
            >
              <Text
                style={
                  Array [
                    undefined,
                  ]
                }
              >
                15
              </Text>
            </View>
          </View>
        </View>
        <View
          style={
            Object {
              "height": 42.857142857142854,
              "position": "relative",
              "width": "14.2%",
            }
          }
        >
          <View
            accessibilityLabel="16"
            accessibilityRole="button"
            accessibilityState={
              Object {
                "busy": undefined,
                "checked": undefined,
                "disabled": false,
                "expanded": undefined,
                "selected": undefined,
              }
            }
            accessibilityValue={
              Object {
                "max": undefined,
                "min": undefined,
                "now": undefined,
                "text": undefined,
              }
            }
            accessible={true}
            collapsable={false}
            focusable={true}
            onBlur={[Function]}
            onClick={[Function]}
            onFocus={[Function]}
            onResponderGrant={[Function]}
            onResponderMove={[Function]}
            onResponderRelease={[Function]}
            onResponderTerminate={[Function]}
            onResponderTerminationRequest={[Function]}
            onStartShouldSetResponder={[Function]}
            style={
              Array [
                Object {
                  "alignItems": "center",
                  "borderRadius": 100,
                  "flex": 1,
                  "justifyContent": "center",
                  "margin": 1.5,
                },
                undefined,
                null,
                null,
                false,
              ]
            }
            testID="2024-03-16"
          >
            <View
              style={
                Array [
                  Object {
                    "alignItems": "center",
                    "justifyContent": "center",
                  },
                ]
              }
            >
              <Text
                style={
                  Array [
                    undefined,
                  ]
                }
              >
                16
              </Text>
            </View>
          </View>
        </View>
        <View
          style={
            Object {
              "height": 42.857142857142854,
              "position": "relative",
              "width": "14.2%",
            }
          }
        >
          <View
            accessibilityLabel="17"
            accessibilityRole="button"
            accessibilityState={
              Object {
                "busy": undefined,
                "checked": undefined,
                "disabled": false,
                "expanded": undefined,
                "selected": undefined,
              }
            }
            accessibilityValue={
              Object {
                "max": undefined,
                "min": undefined,
                "now": undefined,
                "text": undefined,
              }
            }
            accessible={true}
            collapsable={false}
            focusable={true}
            onBlur={[Function]}
            onClick={[Function]}
            onFocus={[Function]}
            onResponderGrant={[Function]}
            onResponderMove={[Function]}
            onResponderRelease={[Function]}
            onResponderTerminate={[Function]}
            onResponderTerminationRequest={[Function]}
            onStartShouldSetResponder={[Function]}
            style={
              Array [
                Object {
                  "alignItems": "center",
                  "borderRadius": 100,
                  "flex": 1,
                  "justifyContent": "center",
                  "margin": 1.5,
                },
                undefined,
                null,
                null,
                false,
              ]
            }
            testID="2024-03-17"
          >
            <View
              style={
                Array [
                  Object {
                    "alignItems": "center",
                    "justifyContent": "center",
                  },
                ]
              }
            >
              <Text
                style={
                  Array [
                    undefined,
                  ]
                }
              >
                17
              </Text>
            </View>
          </View>
        </View>
        <View
          style={
            Object {
              "height": 42.857142857142854,
              "position": "relative",
              "width": "14.2%",
            }
          }
        >
          <View
            accessibilityLabel="18"
            accessibilityRole="button"
            accessibilityState={
              Object {
                "busy": undefined,
                "checked": undefined,
                "disabled": false,
                "expanded": undefined,
                "selected": undefined,
              }
            }
            accessibilityValue={
              Object {
                "max": undefined,
                "min": undefined,
                "now": undefined,
                "text": undefined,
              }
            }
            accessible={true}
            collapsable={false}
            focusable={true}
            onBlur={[Function]}
            onClick={[Function]}
            onFocus={[Function]}
            onResponderGrant={[Function]}
            onResponderMove={[Function]}
            onResponderRelease={[Function]}
            onResponderTerminate={[Function]}
            onResponderTerminationRequest={[Function]}
            onStartShouldSetResponder={[Function]}
            style={
              Array [
                Object {
                  "alignItems": "center",
                  "borderRadius": 100,
                  "flex": 1,
                  "justifyContent": "center",
                  "margin": 1.5,
                },
                undefined,
                null,
                null,
                false,
              ]
            }
            testID="2024-03-18"
          >
            <View
              style={
                Array [
                  Object {
                    "alignItems": "center",
                    "justifyContent": "center",
                  },
                ]
              }
            >
              <Text
                style={
                  Array [
                    undefined,
                  ]
                }
              >
                18
              </Text>
            </View>
          </View>
        </View>
        <View
          style={
            Object {
              "height": 42.857142857142854,
              "position": "relative",
              "width": "14.2%",
            }
          }
        >
          <View
            accessibilityLabel="19"
            accessibilityRole="button"
            accessibilityState={
              Object {
                "busy": undefined,
                "checked": undefined,
                "disabled": false,
                "expanded": undefined,
                "selected": undefined,
              }
            }
            accessibilityValue={
              Object {
                "max": undefined,
                "min": undefined,
                "now": undefined,
                "text": undefined,
              }
            }
            accessible={true}
            collapsable={false}
            focusable={true}
            onBlur={[Function]}
            onClick={[Function]}
            onFocus={[Function]}
            onResponderGrant={[Function]}
            onResponderMove={[Function]}
            onResponderRelease={[Function]}
            onResponderTerminate={[Function]}
            onResponderTerminationRequest={[Function]}
            onStartShouldSetResponder={[Function]}
            style={
              Array [
                Object {
                  "alignItems": "center",
                  "borderRadius": 100,
                  "flex": 1,
                  "justifyContent": "center",
                  "margin": 1.5,
                },
                undefined,
                null,
                Object {
                  "backgroundColor": "#0047FF",
                  "borderColor": "#0047FF",
                },
                false,
              ]
            }
            testID="2024-03-19"
          >
            <View
              style={
                Array [
                  Object {
                    "alignItems": "center",
                    "justifyContent": "center",
                  },
                ]
              }
            >
              <Text
                style={
                  Array [
                    Object {
                      "color": "#fff",
                    },
                  ]
                }
              >
                19
              </Text>
            </View>
          </View>
        </View>
        <View
          style={
            Object {
              "height": 42.857142857142854,
              "position": "relative",
              "width": "14.2%",
            }
          }
        >
          <View
            accessibilityLabel="20"
            accessibilityRole="button"
            accessibilityState={
              Object {
                "busy": undefined,
                "checked": undefined,
                "disabled": false,
                "expanded": undefined,
                "selected": undefined,
              }
            }
            accessibilityValue={
              Object {
                "max": undefined,
                "min": undefined,
                "now": undefined,
                "text": undefined,
              }
            }
            accessible={true}
            collapsable={false}
            focusable={true}
            onBlur={[Function]}
            onClick={[Function]}
            onFocus={[Function]}
            onResponderGrant={[Function]}
            onResponderMove={[Function]}
            onResponderRelease={[Function]}
            onResponderTerminate={[Function]}
            onResponderTerminationRequest={[Function]}
            onStartShouldSetResponder={[Function]}
            style={
              Array [
                Object {
                  "alignItems": "center",
                  "borderRadius": 100,
                  "flex": 1,
                  "justifyContent": "center",
                  "margin": 1.5,
                },
                undefined,
                null,
                null,
                false,
              ]
            }
            testID="2024-03-20"
          >
            <View
              style={
                Array [
                  Object {
                    "alignItems": "center",
                    "justifyContent": "center",
                  },
                ]
              }
            >
              <Text
                style={
                  Array [
                    undefined,
                  ]
                }
              >
                20
              </Text>
            </View>
          </View>
        </View>
        <View
          style={
            Object {
              "height": 42.857142857142854,
              "position": "relative",
              "width": "14.2%",
            }
          }
        >
          <View
            accessibilityLabel="21"
            accessibilityRole="button"
            accessibilityState={
              Object {
                "busy": undefined,
                "checked": undefined,
                "disabled": false,
                "expanded": undefined,
                "selected": undefined,
              }
            }
            accessibilityValue={
              Object {
                "max": undefined,
                "min": undefined,
                "now": undefined,
                "text": undefined,
              }
            }
            accessible={true}
            collapsable={false}
            focusable={true}
            onBlur={[Function]}
            onClick={[Function]}
            onFocus={[Function]}
            onResponderGrant={[Function]}
            onResponderMove={[Function]}
            onResponderRelease={[Function]}
            onResponderTerminate={[Function]}
            onResponderTerminationRequest={[Function]}
            onStartShouldSetResponder={[Function]}
            style={
              Array [
                Object {
                  "alignItems": "center",
                  "borderRadius": 100,
                  "flex": 1,
                  "justifyContent": "center",
                  "margin": 1.5,
                },
                undefined,
                null,
                null,
                false,
              ]
            }
            testID="2024-03-21"
          >
            <View
              style={
                Array [
                  Object {
                    "alignItems": "center",
                    "justifyContent": "center",
                  },
                ]
              }
            >
              <Text
                style={
                  Array [
                    undefined,
                  ]
                }
              >
                21
              </Text>
            </View>
          </View>
        </View>
        <View
          style={
            Object {
              "height": 42.857142857142854,
              "position": "relative",
              "width": "14.2%",
            }
          }
        >
          <View
            accessibilityLabel="22"
            accessibilityRole="button"
            accessibilityState={
              Object {
                "busy": undefined,
                "checked": undefined,
                "disabled": false,
                "expanded": undefined,
                "selected": undefined,
              }
            }
            accessibilityValue={
              Object {
                "max": undefined,
                "min": undefined,
                "now": undefined,
                "text": undefined,
              }
            }
            accessible={true}
            collapsable={false}
            focusable={true}
            onBlur={[Function]}
            onClick={[Function]}
            onFocus={[Function]}
            onResponderGrant={[Function]}
            onResponderMove={[Function]}
            onResponderRelease={[Function]}
            onResponderTerminate={[Function]}
            onResponderTerminationRequest={[Function]}
            onStartShouldSetResponder={[Function]}
            style={
              Array [
                Object {
                  "alignItems": "center",
                  "borderRadius": 100,
                  "flex": 1,
                  "justifyContent": "center",
                  "margin": 1.5,
                },
                undefined,
                null,
                null,
                false,
              ]
            }
            testID="2024-03-22"
          >
            <View
              style={
                Array [
                  Object {
                    "alignItems": "center",
                    "justifyContent": "center",
                  },
                ]
              }
            >
              <Text
                style={
                  Array [
                    undefined,
                  ]
                }
              >
                22
              </Text>
            </View>
          </View>
        </View>
        <View
          style={
            Object {
              "height": 42.857142857142854,
              "position": "relative",
              "width": "14.2%",
            }
          }
        >
          <View
            accessibilityLabel="23"
            accessibilityRole="button"
            accessibilityState={
              Object {
                "busy": undefined,
                "checked": undefined,
                "disabled": false,
                "expanded": undefined,
                "selected": undefined,
              }
            }
            accessibilityValue={
              Object {
                "max": undefined,
                "min": undefined,
                "now": undefined,
                "text": undefined,
              }
            }
            accessible={true}
            collapsable={false}
            focusable={true}
            onBlur={[Function]}
            onClick={[Function]}
            onFocus={[Function]}
            onResponderGrant={[Function]}
            onResponderMove={[Function]}
            onResponderRelease={[Function]}
            onResponderTerminate={[Function]}
            onResponderTerminationRequest={[Function]}
            onStartShouldSetResponder={[Function]}
            style={
              Array [
                Object {
                  "alignItems": "center",
                  "borderRadius": 100,
                  "flex": 1,
                  "justifyContent": "center",
                  "margin": 1.5,
                },
                undefined,
                null,
                null,
                false,
              ]
            }
            testID="2024-03-23"
          >
            <View
              style={
                Array [
                  Object {
                    "alignItems": "center",
                    "justifyContent": "center",
                  },
                ]
              }
            >
              <Text
                style={
                  Array [
                    undefined,
                  ]
                }
              >
                23
              </Text>
            </View>
          </View>
        </View>
        <View
          style={
            Object {
              "height": 42.857142857142854,
              "position": "relative",
              "width": "14.2%",
            }
          }
        >
          <View
            accessibilityLabel="24"
            accessibilityRole="button"
            accessibilityState={
              Object {
                "busy": undefined,
                "checked": undefined,
                "disabled": false,
                "expanded": undefined,
                "selected": undefined,
              }
            }
            accessibilityValue={
              Object {
                "max": undefined,
                "min": undefined,
                "now": undefined,
                "text": undefined,
              }
            }
            accessible={true}
            collapsable={false}
            focusable={true}
            onBlur={[Function]}
            onClick={[Function]}
            onFocus={[Function]}
            onResponderGrant={[Function]}
            onResponderMove={[Function]}
            onResponderRelease={[Function]}
            onResponderTerminate={[Function]}
            onResponderTerminationRequest={[Function]}
            onStartShouldSetResponder={[Function]}
            style={
              Array [
                Object {
                  "alignItems": "center",
                  "borderRadius": 100,
                  "flex": 1,
                  "justifyContent": "center",
                  "margin": 1.5,
                },
                undefined,
                null,
                null,
                false,
              ]
            }
            testID="2024-03-24"
          >
            <View
              style={
                Array [
                  Object {
                    "alignItems": "center",
                    "justifyContent": "center",
                  },
                ]
              }
            >
              <Text
                style={
                  Array [
                    undefined,
                  ]
                }
              >
                24
              </Text>
            </View>
          </View>
        </View>
        <View
          style={
            Object {
              "height": 42.857142857142854,
              "position": "relative",
              "width": "14.2%",
            }
          }
        >
          <View
            accessibilityLabel="25"
            accessibilityRole="button"
            accessibilityState={
              Object {
                "busy": undefined,
                "checked": undefined,
                "disabled": false,
                "expanded": undefined,
                "selected": undefined,
              }
            }
            accessibilityValue={
              Object {
                "max": undefined,
                "min": undefined,
                "now": undefined,
                "text": undefined,
              }
            }
            accessible={true}
            collapsable={false}
            focusable={true}
            onBlur={[Function]}
            onClick={[Function]}
            onFocus={[Function]}
            onResponderGrant={[Function]}
            onResponderMove={[Function]}
            onResponderRelease={[Function]}
            onResponderTerminate={[Function]}
            onResponderTerminationRequest={[Function]}
            onStartShouldSetResponder={[Function]}
            style={
              Array [
                Object {
                  "alignItems": "center",
                  "borderRadius": 100,
                  "flex": 1,
                  "justifyContent": "center",
                  "margin": 1.5,
                },
                undefined,
                null,
                null,
                false,
              ]
            }
            testID="2024-03-25"
          >
            <View
              style={
                Array [
                  Object {
                    "alignItems": "center",
                    "justifyContent": "center",
                  },
                ]
              }
            >
              <Text
                style={
                  Array [
                    undefined,
                  ]
                }
              >
                25
              </Text>
            </View>
          </View>
        </View>
        <View
          style={
            Object {
              "height": 42.857142857142854,
              "position": "relative",
              "width": "14.2%",
            }
          }
        >
          <View
            accessibilityLabel="26"
            accessibilityRole="button"
            accessibilityState={
              Object {
                "busy": undefined,
                "checked": undefined,
                "disabled": false,
                "expanded": undefined,
                "selected": undefined,
              }
            }
            accessibilityValue={
              Object {
                "max": undefined,
                "min": undefined,
                "now": undefined,
                "text": undefined,
              }
            }
            accessible={true}
            collapsable={false}
            focusable={true}
            onBlur={[Function]}
            onClick={[Function]}
            onFocus={[Function]}
            onResponderGrant={[Function]}
            onResponderMove={[Function]}
            onResponderRelease={[Function]}
            onResponderTerminate={[Function]}
            onResponderTerminationRequest={[Function]}
            onStartShouldSetResponder={[Function]}
            style={
              Array [
                Object {
                  "alignItems": "center",
                  "borderRadius": 100,
                  "flex": 1,
                  "justifyContent": "center",
                  "margin": 1.5,
                },
                undefined,
                null,
                null,
                false,
              ]
            }
            testID="2024-03-26"
          >
            <View
              style={
                Array [
                  Object {
                    "alignItems": "center",
                    "justifyContent": "center",
                  },
                ]
              }
            >
              <Text
                style={
                  Array [
                    undefined,
                  ]
                }
              >
                26
              </Text>
            </View>
          </View>
        </View>
        <View
          style={
            Object {
              "height": 42.857142857142854,
              "position": "relative",
              "width": "14.2%",
            }
          }
        >
          <View
            accessibilityLabel="27"
            accessibilityRole="button"
            accessibilityState={
              Object {
                "busy": undefined,
                "checked": undefined,
                "disabled": false,
                "expanded": undefined,
                "selected": undefined,
              }
            }
            accessibilityValue={
              Object {
                "max": undefined,
                "min": undefined,
                "now": undefined,
                "text": undefined,
              }
            }
            accessible={true}
            collapsable={false}
            focusable={true}
            onBlur={[Function]}
            onClick={[Function]}
            onFocus={[Function]}
            onResponderGrant={[Function]}
            onResponderMove={[Function]}
            onResponderRelease={[Function]}
            onResponderTerminate={[Function]}
            onResponderTerminationRequest={[Function]}
            onStartShouldSetResponder={[Function]}
            style={
              Array [
                Object {
                  "alignItems": "center",
                  "borderRadius": 100,
                  "flex": 1,
                  "justifyContent": "center",
                  "margin": 1.5,
                },
                undefined,
                null,
                null,
                false,
              ]
            }
            testID="2024-03-27"
          >
            <View
              style={
                Array [
                  Object {
                    "alignItems": "center",
                    "justifyContent": "center",
                  },
                ]
              }
            >
              <Text
                style={
                  Array [
                    undefined,
                  ]
                }
              >
                27
              </Text>
            </View>
          </View>
        </View>
        <View
          style={
            Object {
              "height": 42.857142857142854,
              "position": "relative",
              "width": "14.2%",
            }
          }
        >
          <View
            accessibilityLabel="28"
            accessibilityRole="button"
            accessibilityState={
              Object {
                "busy": undefined,
                "checked": undefined,
                "disabled": false,
                "expanded": undefined,
                "selected": undefined,
              }
            }
            accessibilityValue={
              Object {
                "max": undefined,
                "min": undefined,
                "now": undefined,
                "text": undefined,
              }
            }
            accessible={true}
            collapsable={false}
            focusable={true}
            onBlur={[Function]}
            onClick={[Function]}
            onFocus={[Function]}
            onResponderGrant={[Function]}
            onResponderMove={[Function]}
            onResponderRelease={[Function]}
            onResponderTerminate={[Function]}
            onResponderTerminationRequest={[Function]}
            onStartShouldSetResponder={[Function]}
            style={
              Array [
                Object {
                  "alignItems": "center",
                  "borderRadius": 100,
                  "flex": 1,
                  "justifyContent": "center",
                  "margin": 1.5,
                },
                undefined,
                null,
                null,
                false,
              ]
            }
            testID="2024-03-28"
          >
            <View
              style={
                Array [
                  Object {
                    "alignItems": "center",
                    "justifyContent": "center",
                  },
                ]
              }
            >
              <Text
                style={
                  Array [
                    undefined,
                  ]
                }
              >
                28
              </Text>
            </View>
          </View>
        </View>
        <View
          style={
            Object {
              "height": 42.857142857142854,
              "position": "relative",
              "width": "14.2%",
            }
          }
        >
          <View
            accessibilityLabel="29"
            accessibilityRole="button"
            accessibilityState={
              Object {
                "busy": undefined,
                "checked": undefined,
                "disabled": false,
                "expanded": undefined,
                "selected": undefined,
              }
            }
            accessibilityValue={
              Object {
                "max": undefined,
                "min": undefined,
                "now": undefined,
                "text": undefined,
              }
            }
            accessible={true}
            collapsable={false}
            focusable={true}
            onBlur={[Function]}
            onClick={[Function]}
            onFocus={[Function]}
            onResponderGrant={[Function]}
            onResponderMove={[Function]}
            onResponderRelease={[Function]}
            onResponderTerminate={[Function]}
            onResponderTerminationRequest={[Function]}
            onStartShouldSetResponder={[Function]}
            style={
              Array [
                Object {
                  "alignItems": "center",
                  "borderRadius": 100,
                  "flex": 1,
                  "justifyContent": "center",
                  "margin": 1.5,
                },
                undefined,
                null,
                null,
                false,
              ]
            }
            testID="2024-03-29"
          >
            <View
              style={
                Array [
                  Object {
                    "alignItems": "center",
                    "justifyContent": "center",
                  },
                ]
              }
            >
              <Text
                style={
                  Array [
                    undefined,
                  ]
                }
              >
                29
              </Text>
            </View>
          </View>
        </View>
        <View
          style={
            Object {
              "height": 42.857142857142854,
              "position": "relative",
              "width": "14.2%",
            }
          }
        >
          <View
            accessibilityLabel="30"
            accessibilityRole="button"
            accessibilityState={
              Object {
                "busy": undefined,
                "checked": undefined,
                "disabled": false,
                "expanded": undefined,
                "selected": undefined,
              }
            }
            accessibilityValue={
              Object {
                "max": undefined,
                "min": undefined,
                "now": undefined,
                "text": undefined,
              }
            }
            accessible={true}
            collapsable={false}
            focusable={true}
            onBlur={[Function]}
            onClick={[Function]}
            onFocus={[Function]}
            onResponderGrant={[Function]}
            onResponderMove={[Function]}
            onResponderRelease={[Function]}
            onResponderTerminate={[Function]}
            onResponderTerminationRequest={[Function]}
            onStartShouldSetResponder={[Function]}
            style={
              Array [
                Object {
                  "alignItems": "center",
                  "borderRadius": 100,
                  "flex": 1,
                  "justifyContent": "center",
                  "margin": 1.5,
                },
                undefined,
                null,
                null,
                false,
              ]
            }
            testID="2024-03-30"
          >
            <View
              style={
                Array [
                  Object {
                    "alignItems": "center",
                    "justifyContent": "center",
                  },
                ]
              }
            >
              <Text
                style={
                  Array [
                    undefined,
                  ]
                }
              >
                30
              </Text>
            </View>
          </View>
        </View>
        <View
          style={
            Object {
              "height": 42.857142857142854,
              "position": "relative",
              "width": "14.2%",
            }
          }
        >
          <View
            accessibilityLabel="31"
            accessibilityRole="button"
            accessibilityState={
              Object {
                "busy": undefined,
                "checked": undefined,
                "disabled": false,
                "expanded": undefined,
                "selected": undefined,
              }
            }
            accessibilityValue={
              Object {
                "max": undefined,
                "min": undefined,
                "now": undefined,
                "text": undefined,
              }
            }
            accessible={true}
            collapsable={false}
            focusable={true}
            onBlur={[Function]}
            onClick={[Function]}
            onFocus={[Function]}
            onResponderGrant={[Function]}
            onResponderMove={[Function]}
            onResponderRelease={[Function]}
            onResponderTerminate={[Function]}
            onResponderTerminationRequest={[Function]}
            onStartShouldSetResponder={[Function]}
            style={
              Array [
                Object {
                  "alignItems": "center",
                  "borderRadius": 100,
                  "flex": 1,
                  "justifyContent": "center",
                  "margin": 1.5,
                },
                undefined,
                null,
                null,
                false,
              ]
            }
            testID="2024-03-31"
          >
            <View
              style={
                Array [
                  Object {
                    "alignItems": "center",
                    "justifyContent": "center",
                  },
                ]
              }
            >
              <Text
                style={
                  Array [
                    undefined,
                  ]
                }
              >
                31
              </Text>
            </View>
          </View>
        </View>
      </View>
    </View>
  </View>
</View>
`;
